2026-08-24 15:50:36.9213|INFO|Microsoft.AspNetCore.DataProtection.KeyManagement.XmlKeyManager|User profile is available. Using 'C:\Users\ASUS\AppData\Local\ASP.NET\DataProtection-Keys' as key repository and Windows DPAPI to encrypt keys at rest. 
2026-08-24 15:50:37.0755|INFO|Microsoft.Hosting.Lifetime|Now listening on: http://localhost:5198 
2026-08-24 15:50:37.0755|INFO|Microsoft.Hosting.Lifetime|Application started. Press Ctrl+C to shut down. 
2026-08-24 15:50:37.0755|INFO|Microsoft.Hosting.Lifetime|Hosting environment: Development 
2026-08-24 15:50:37.0755|INFO|Microsoft.Hosting.Lifetime|Content root path: E:\BridgeLabz-Training\DAY16-FundooApp\FundooNotes\Fundoo.Api 
2026-08-24 21:18:24.7010|INFO|Microsoft.AspNetCore.DataProtection.KeyManagement.XmlKeyManager|User profile is available. Using 'C:\Users\ASUS\AppData\Local\ASP.NET\DataProtection-Keys' as key repository and Windows DPAPI to encrypt keys at rest. 
2026-08-24 21:18:24.8394|INFO|Microsoft.Hosting.Lifetime|Now listening on: http://localhost:5198 
2026-08-24 21:18:24.8394|INFO|Microsoft.Hosting.Lifetime|Application started. Press Ctrl+C to shut down. 
2026-08-24 21:18:24.8394|INFO|Microsoft.Hosting.Lifetime|Hosting environment: Development 
2026-08-24 21:18:24.8394|INFO|Microsoft.Hosting.Lifetime|Content root path: E:\BridgeLabz-Training\DAY16-FundooApp\FundooNotes\Fundoo.Api 
2026-08-24 21:19:29.4684|INFO|Microsoft.Hosting.Lifetime|Application is shutting down... 
2026-08-24 21:19:42.0586|INFO|Microsoft.AspNetCore.DataProtection.KeyManagement.XmlKeyManager|User profile is available. Using 'C:\Users\ASUS\AppData\Local\ASP.NET\DataProtection-Keys' as key repository and Windows DPAPI to encrypt keys at rest. 
2026-08-24 21:19:42.1376|INFO|Microsoft.Hosting.Lifetime|Now listening on: http://localhost:5198 
2026-08-24 21:19:42.1376|INFO|Microsoft.Hosting.Lifetime|Application started. Press Ctrl+C to shut down. 
2026-08-24 21:19:42.1376|INFO|Microsoft.Hosting.Lifetime|Hosting environment: Development 
2026-08-24 21:19:42.1376|INFO|Microsoft.Hosting.Lifetime|Content root path: E:\BridgeLabz-Training\DAY16-FundooApp\FundooNotes\Fundoo.Api 
2026-08-24 21:38:35.3953|INFO|Microsoft.AspNetCore.DataProtection.KeyManagement.XmlKeyManager|User profile is available. Using 'C:\Users\ASUS\AppData\Local\ASP.NET\DataProtection-Keys' as key repository and Windows DPAPI to encrypt keys at rest. 
2026-08-24 21:38:35.5000|INFO|Microsoft.Hosting.Lifetime|Now listening on: http://localhost:5198 
2026-08-24 21:38:35.5000|INFO|Microsoft.Hosting.Lifetime|Application started. Press Ctrl+C to shut down. 
2026-08-24 21:38:35.5000|INFO|Microsoft.Hosting.Lifetime|Hosting environment: Development 
2026-08-24 21:38:35.5000|INFO|Microsoft.Hosting.Lifetime|Content root path: E:\BridgeLabz-Training\DAY16-FundooApp\FundooNotes\Fundoo.Api 
2026-08-24 21:38:45.6572|INFO|Microsoft.AspNetCore.Hosting.Diagnostics|Request starting HTTP/1.1 GET http://localhost:5198/ - - - 
2026-08-24 21:38:45.7242|WARN|Microsoft.AspNetCore.HttpsPolicy.HttpsRedirectionMiddleware|Failed to determine the https port for redirect. 
2026-08-24 21:38:46.7468|INFO|Microsoft.AspNetCore.Hosting.Diagnostics|Request finished HTTP/1.1 GET http://localhost:5198/ - 404 0 - 1089.4221ms 
2026-08-24 21:38:46.7468|INFO|Microsoft.AspNetCore.Hosting.Diagnostics|Request reached the end of the middleware pipeline without being handled by application code. Request path: GET http://localhost:5198/, Response status code: 404 
2026-08-24 21:38:53.4981|INFO|Microsoft.AspNetCore.Hosting.Diagnostics|Request starting HTTP/1.1 GET http://localhost:5198/swagger/index.html - - - 
2026-08-24 21:38:53.5502|INFO|Microsoft.AspNetCore.Hosting.Diagnostics|Request finished HTTP/1.1 GET http://localhost:5198/swagger/index.html - 200 - text/html;charset=utf-8 52.0766ms 
2026-08-24 21:38:54.2343|INFO|Microsoft.AspNetCore.Hosting.Diagnostics|Request starting HTTP/1.1 GET http://localhost:5198/swagger/v1/swagger.json - - - 
2026-08-24 21:38:54.3273|INFO|Microsoft.AspNetCore.Hosting.Diagnostics|Request finished HTTP/1.1 GET http://localhost:5198/swagger/v1/swagger.json - 200 - application/json;charset=utf-8 93.0522ms 
